3DGraphicsEngineandDiffuseReflection.c:87:6:spiwrite	24	static
3DGraphicsEngineandDiffuseReflection.c:97:6:writecommand	16	static
3DGraphicsEngineandDiffuseReflection.c:103:6:writedata	16	static
3DGraphicsEngineandDiffuseReflection.c:109:6:writeword	24	static
3DGraphicsEngineandDiffuseReflection.c:118:6:write888	24	static
3DGraphicsEngineandDiffuseReflection.c:134:6:setAddrWindow	24	static
3DGraphicsEngineandDiffuseReflection.c:145:6:lcddelay	24	static
3DGraphicsEngineandDiffuseReflection.c:152:6:lcd_init	16	static
3DGraphicsEngineandDiffuseReflection.c:182:6:fillrect	32	static
3DGraphicsEngineandDiffuseReflection.c:192:6:drawPixel	16	static
3DGraphicsEngineandDiffuseReflection.c:203:6:drawLine	40	static
3DGraphicsEngineandDiffuseReflection.c:248:6:drawTriangleLines	64	static
3DGraphicsEngineandDiffuseReflection.c:265:6:fillPolygon	104	static
3DGraphicsEngineandDiffuseReflection.c:287:6:transformationParameterCalculation	24	static
3DGraphicsEngineandDiffuseReflection.c:297:26:transformationPipeline	64	static
3DGraphicsEngineandDiffuseReflection.c:321:6:draw3DDWorldCoordinates	80	static
3DGraphicsEngineandDiffuseReflection.c:351:6:drawCubeShadow	200	static
3DGraphicsEngineandDiffuseReflection.c:389:6:drawCube	112	static
3DGraphicsEngineandDiffuseReflection.c:435:10:calculateDiffuseColor	88	static
3DGraphicsEngineandDiffuseReflection.c:463:6:diffuseReflection	112	static
3DGraphicsEngineandDiffuseReflection.c:505:14:RotateBranches	256	static
3DGraphicsEngineandDiffuseReflection.c:568:14:branchTip	48	static
3DGraphicsEngineandDiffuseReflection.c:587:6:drawTree	104	dynamic
3DGraphicsEngineandDiffuseReflection.c:666:6:DecorateDrawTrees	80	static
3DGraphicsEngineandDiffuseReflection.c:698:6:DecorateDrawLetterA	136	static
3DGraphicsEngineandDiffuseReflection.c:732:6:DecorateDrawLetterC	120	static
3DGraphicsEngineandDiffuseReflection.c:766:5:main	160	static
