new12may.c:97:6:spiwrite	24	static
new12may.c:107:6:writecommand	16	static
new12may.c:113:6:writedata	16	static
new12may.c:119:6:writeword	24	static
new12may.c:128:6:write888	24	static
new12may.c:144:6:setAddrWindow	24	static
new12may.c:155:6:lcddelay	24	static
new12may.c:162:6:lcd_init	16	static
new12may.c:192:6:fillrect	32	static
new12may.c:202:6:draw_pixel	16	static
new12may.c:213:6:draw_line	40	static
new12may.c:254:6:transformationParameterCalculation	24	static
new12may.c:264:26:transformationPipeline	88	static
new12may.c:291:6:draw3DDWorldCoordinates	72	static
new12may.c:321:6:draw_cube	104	static
new12may.c:366:6:draw_tree	256	static
new12may.c:479:6:draw_HorizontalLine	40	static
new12may.c:484:6:fill_Triangle	56	static
new12may.c:539:6:draw_shadow	200	static
new12may.c:562:5:calculate_intensity	48	static
new12may.c:578:5:getDiffuseColor	104	static
new12may.c:604:6:diffuseReflection	112	static
new12may.c:647:6:draw_A	136	static
new12may.c:688:6:draw_C	120	static
new12may.c:727:5:main	248	static
